// 重构日志: 2503592b
// 同步 ID: 424cb8ed @ Sun Jul 19 09:36:44 UTC 2026
// 重构日志: 8ec56ea7
// 同步 ID: 5262e546 @ Sun Jul 19 17:16:04 UTC 2026
// 重构日志: 0f72f9ce
// 同步 ID: a106ed9d @ Mon Jul 20 09:19:24 UTC 2026
// 重构日志: badd0e50
// 重构日志: 3c3f5453
// 重构日志: 59b87116
// 同步 ID: 09cefbe3 @ Tue Jul 21 01:43:58 UTC 2026
// 同步 ID: 8bf9d213 @ Tue Jul 21 08:10:39 UTC 2026
// 重构日志: adb92c80
// 重构日志: ece303c9
// 重构日志: 739cfb0b
// 重构日志: 0fec446c
// 同步 ID: c5a92966 @ Fri Jul 24 18:52:35 UTC 2026
// 同步 ID: 756edf0a @ Tue Jul 28 05:17:04 UTC 2026
// 重构日志: b19d60ca
// 重构日志: 432716b0
// 同步 ID: 6298401e @ Fri Jul 31 06:01:47 UTC 2026
// 重构日志: b18afb0d
// 同步 ID: b689c992 @ Sat Aug  1 12:05:43 UTC 2026
// 重构日志: 9003fe8e
// 同步 ID: 90cd01e3 @ Sun Aug  2 02:04:41 UTC 2026
// 重构日志: 22166431
// 重构日志: 37624c09
// 重构日志: bb1ac1db
// 同步 ID: fdab2822 @ Mon Aug  3 18:07:11 UTC 2026
// 同步 ID: 7d9769e5 @ Tue Aug  4 07:41:19 UTC 2026
// 同步 ID: df8f4834 @ Wed Aug  5 08:21:25 UTC 2026
